../Core/Src/main.c:174:5:main	8	static
../Core/Src/main.c:288:6:SystemClock_Config	88	static
../Core/Src/main.c:335:13:MX_TIM1_Init	40	static
../Core/Src/main.c:382:13:MX_TIM2_Init	64	static
../Core/Src/main.c:441:13:MX_USART2_UART_Init	8	static
../Core/Src/main.c:489:13:MX_GPIO_Init	48	static
../Core/Src/main.c:568:12:Db_AddUser	24	static
../Core/Src/main.c:598:13:UART_ShowUsers	96	static
../Core/Src/main.c:618:13:LCD_ShowMaskedPin	24	static
../Core/Src/main.c:641:6:scan_keypad	48	static
../Core/Src/main.c:671:6:PrintMenu	16	static
../Core/Src/main.c:685:6:ClearScreen	8	static
../Core/Src/main.c:690:13:LCD_ShowState	16	static
../Core/Src/main.c:713:13:Db_Init	8	static
../Core/Src/main.c:734:12:Db_FindByPin	24	static
../Core/Src/main.c:747:6:HAL_UART_RxCpltCallback	16	static
../Core/Src/main.c:796:6:AccessControlTask	152	static
../Core/Src/main.c:1120:6:ButtonTask	16	static
../Core/Src/main.c:1163:6:KeyboardInput	24	static
../Core/Src/main.c:1237:6:ServoTask	24	static
../Core/Src/main.c:1284:6:lcdTask	24	static
../Core/Src/main.c:1311:6:HAL_TIM_PeriodElapsedCallback	16	static
../Core/Src/main.c:1330:6:Error_Handler	4	static,ignoring_inline_asm
